// Jest Snapshot v1, https://goo.gl/fbAQLP

exports[`TheDate Component renders the UI as expected 1`] = `
<div>
  11/8/2019, 5:06:29 AM
</div>
`;
